1 1
2 2
5 5
7 7
10 10
11 11
13 13
14 14
17 17
19 19
22 22
23 23
25 25
26 26
29 29
31 31
34 34
35 35
37 37
38 38
41 41
43 43
46 46
47 47
49 49
50 50
53 53
55 55
58 58
59 59
61 61
62 62
65 65
67 67
70 70
71 71
73 73
74 74
77 77
79 79
82 82
83 83
85 85
86 86
89 89
91 91
94 94
95 95
97 97
98 98
0 0
4 16
8 32
12 48
16 64
20 80
24 96
28 112
32 128
36 144
40 160
44 176
48 192
52 208
56 224
60 240
64 256
68 272
72 288
76 304
80 320
84 336
88 352
92 368
96 384
0
1
2
16
5
7
32
10
11
48
13
14
64
17
19
80
22
23
96
25
26
112
29
31
128
34
35
144
37
38
160
41
43
176
46
47
192
49
50
208
53
55
224
58
59
240
61
62
256
65
67
272
70
71
288
73
74
304
77
79
320
82
83
336
85
86
352
89
91
368
94
95
384
97
98
Congratulations. Your submission has passed all correctness tests. Good job! :)
